// Jest Snapshot v1, https://goo.gl/fbAQLP

exports[`renders without crashing 1`] = `
<styled.div>
  <Header />
  <Switch>
    <Route
      component={[Function]}
      exact={true}
      path="/favourites"
    />
    <Route
      component={[Function]}
      exact={true}
      path="/"
    />
  </Switch>
</styled.div>
`;
